servdata/test_servdata.py
